== tokens ==
[TOKEN_LEFT_PAREN (] [TOKEN_LEFT_PAREN (] [TOKEN_NUMBER 1] [TOKEN_PLUS +] [TOKEN_NUMBER 2] [TOKEN_RIGHT_PAREN )] [TOKEN_MINUS -] [TOKEN_NUMBER 2] [TOKEN_RIGHT_PAREN )] [TOKEN_STAR *] [TOKEN_LEFT_PAREN (] [TOKEN_NUMBER 4] [TOKEN_SLASH /] [TOKEN_NUMBER 2] [TOKEN_RIGHT_PAREN )] 
== code ==
0000    1 OP_CONSTANT         0 '1'
0002    | OP_CONSTANT         1 '2'
0004    | OP_ADD
0005    | OP_CONSTANT         2 '2'
0007    | OP_SUBTRACT
0008    | OP_CONSTANT         3 '4'
0010    | OP_CONSTANT         4 '2'
0012    | OP_DIVIDE
0013    | OP_MULTIPLY
0014    2 OP_RETURN
== execution ==
          
0000    1 OP_CONSTANT         0 '1'
          [ 1 ]
0002    | OP_CONSTANT         1 '2'
          [ 1 ][ 2 ]
0004    | OP_ADD
          [ 3 ]
0005    | OP_CONSTANT         2 '2'
          [ 3 ][ 2 ]
0007    | OP_SUBTRACT
          [ 1 ]
0008    | OP_CONSTANT         3 '4'
          [ 1 ][ 4 ]
0010    | OP_CONSTANT         4 '2'
          [ 1 ][ 4 ][ 2 ]
0012    | OP_DIVIDE
          [ 1 ][ 2 ]
0013    | OP_MULTIPLY
          [ 2 ]
0014    2 OP_RETURN
2
