{NUMBER 1}{MINUS -}{NUMBER 2}{PLUS +}{NUMBER 3}{STAR *}{NUMBER 4}{SLASH /}{NUMBER 5}{TOK_EOF }
