{IF if}{IDENTIFIER a}{ELSE else}{IDENTIFIER end}{TOK_EOF }
